// Jest Snapshot v1, https://goo.gl/fbAQLP

exports[`<Counter /> matches snapshot 1`] = `
<div>
  <h2>
    0
  </h2>
  <button
    onClick={[Function]}
  >
    +1
  </button>
  <button
    onClick={[Function]}
  >
    -1
  </button>
  <Profile
    name="화니"
    username="tintoll"
  />
</div>
`;
